C:/TouchGFXProjects/HaltechDashV2/Core/Src/main.c:954:6:StartDefaultTask	1
C:/TouchGFXProjects/HaltechDashV2/Core/Src/main.c:972:6:DataFeedTask	1
C:/TouchGFXProjects/HaltechDashV2/Core/Src/main.c:296:6:SystemClock_Config	1
C:/TouchGFXProjects/HaltechDashV2/Core/Src/main.c:185:5:main	3
C:/TouchGFXProjects/HaltechDashV2/Core/Src/main.c:809:6:HAL_CAN_RxFifo0MsgPendingCallback	48
C:/TouchGFXProjects/HaltechDashV2/Core/Src/main.c:1116:6:HAL_TIM_PeriodElapsedCallback	2
C:/TouchGFXProjects/HaltechDashV2/Core/Src/main.c:1133:6:Error_Handler	1
