C:/TouchGFXProjects/HaltechDashV2/Core/Src/main.c:995:6:StartDefaultTask	1
C:/TouchGFXProjects/HaltechDashV2/Core/Src/main.c:1013:6:DataFeedTask	1
C:/TouchGFXProjects/HaltechDashV2/Core/Src/main.c:314:6:SystemClock_Config	1
C:/TouchGFXProjects/HaltechDashV2/Core/Src/main.c:203:5:main	3
C:/TouchGFXProjects/HaltechDashV2/Core/Src/main.c:827:6:HAL_CAN_RxFifo0MsgPendingCallback	58
C:/TouchGFXProjects/HaltechDashV2/Core/Src/main.c:1170:6:HAL_TIM_PeriodElapsedCallback	2
C:/TouchGFXProjects/HaltechDashV2/Core/Src/main.c:1187:6:Error_Handler	1
