C:/TouchGFXProjects/HaltechDashV2/Core/Src/main.c:947:6:StartDefaultTask	8	static
C:/TouchGFXProjects/HaltechDashV2/Core/Src/main.c:965:6:DataFeedTask	104	static
C:/TouchGFXProjects/HaltechDashV2/Core/Src/main.c:296:6:SystemClock_Config	88	static
C:/TouchGFXProjects/HaltechDashV2/Core/Src/main.c:185:5:main	120	static,ignoring_inline_asm
C:/TouchGFXProjects/HaltechDashV2/Core/Src/main.c:809:6:HAL_CAN_RxFifo0MsgPendingCallback	32	static
C:/TouchGFXProjects/HaltechDashV2/Core/Src/main.c:1087:6:HAL_TIM_PeriodElapsedCallback	0	static
C:/TouchGFXProjects/HaltechDashV2/Core/Src/main.c:1104:6:Error_Handler	0	static
