C:/TouchGFXProjects/HaltechDashV2/Core/Src/stm32f7xx_hal_msp.c:65:6:HAL_MspInit	8	static
C:/TouchGFXProjects/HaltechDashV2/Core/Src/stm32f7xx_hal_msp.c:90:6:HAL_CAN_MspInit	40	static
C:/TouchGFXProjects/HaltechDashV2/Core/Src/stm32f7xx_hal_msp.c:130:6:HAL_CAN_MspDeInit	8	static
C:/TouchGFXProjects/HaltechDashV2/Core/Src/stm32f7xx_hal_msp.c:161:6:HAL_CRC_MspInit	8	static
C:/TouchGFXProjects/HaltechDashV2/Core/Src/stm32f7xx_hal_msp.c:184:6:HAL_CRC_MspDeInit	0	static
C:/TouchGFXProjects/HaltechDashV2/Core/Src/stm32f7xx_hal_msp.c:206:6:HAL_DMA2D_MspInit	16	static
C:/TouchGFXProjects/HaltechDashV2/Core/Src/stm32f7xx_hal_msp.c:232:6:HAL_DMA2D_MspDeInit	0	static
C:/TouchGFXProjects/HaltechDashV2/Core/Src/stm32f7xx_hal_msp.c:257:6:HAL_I2C_MspInit	168	static
C:/TouchGFXProjects/HaltechDashV2/Core/Src/stm32f7xx_hal_msp.c:304:6:HAL_I2C_MspDeInit	8	static
C:/TouchGFXProjects/HaltechDashV2/Core/Src/stm32f7xx_hal_msp.c:335:6:HAL_LTDC_MspInit	192	static
C:/TouchGFXProjects/HaltechDashV2/Core/Src/stm32f7xx_hal_msp.c:453:6:HAL_LTDC_MspDeInit	8	static
C:/TouchGFXProjects/HaltechDashV2/Core/Src/stm32f7xx_hal_msp.c:522:6:HAL_QSPI_MspInit	64	static
C:/TouchGFXProjects/HaltechDashV2/Core/Src/stm32f7xx_hal_msp.c:586:6:HAL_QSPI_MspDeInit	8	static
C:/TouchGFXProjects/HaltechDashV2/Core/Src/stm32f7xx_hal_msp.c:725:6:HAL_SDRAM_MspInit	48	static
C:/TouchGFXProjects/HaltechDashV2/Core/Src/stm32f7xx_hal_msp.c:811:6:HAL_SDRAM_MspDeInit	8	static
