../../Middlewares/ST/touchgfx/framework/include/touchgfx/Screen.hpp:104:18:virtual void touchgfx::Screen::afterTransition()	0	static
../../Middlewares/ST/touchgfx/framework/include/touchgfx/Screen.hpp:144:18:virtual void touchgfx::Screen::handleTickEvent()	0	static
../../Middlewares/ST/touchgfx/framework/include/touchgfx/Screen.hpp:154:18:virtual void touchgfx::Screen::handleKeyEvent(uint8_t)	0	static
C:/TouchGFXProjects/HaltechDashV2/TouchGFX/gui/src/stats_screen/StatsView.cpp:14:6:virtual void StatsView::tearDownScreen()	0	static
../../TouchGFX/gui/include/gui/stats_screen/StatsView.hpp:11:13:StatsView::~StatsView()	8	static
../../TouchGFX/gui/include/gui/stats_screen/StatsView.hpp:11:13:virtual StatsView::~StatsView()	8	static
C:/TouchGFXProjects/HaltechDashV2/TouchGFX/gui/src/stats_screen/StatsView.cpp:4:1:StatsView::StatsView()	8	static
C:/TouchGFXProjects/HaltechDashV2/TouchGFX/gui/src/stats_screen/StatsView.cpp:19:6:void StatsView::updateVal(uint8_t*)	0	static
C:/TouchGFXProjects/HaltechDashV2/TouchGFX/gui/src/stats_screen/StatsView.cpp:9:6:virtual void StatsView::setupScreen()	0	static
